[template-kit.rootlayers.com/campusa/template-kit/index.html]
[backblue.gif]
[fade.gif]
[index.html]
[template-kit.rootlayers.com/campusa/wp-includes/css/dist/block-library/style.minf658.css]
[template-kit.rootlayers.com/campusa/wp-content/plugins/template-kit-export/public/assets/css/template-kit-export-public.min365c.css]
[template-kit.rootlayers.com/campusa/wp-content/themes/hello-elementor/style.min8066.css]
[template-kit.rootlayers.com/campusa/wp-content/themes/hello-elementor/theme.min8066.css]
[template-kit.rootlayers.com/campusa/wp-content/plugins/elementor/assets/css/frontend.min3d36.css]
[template-kit.rootlayers.com/campusa/template-kit/feed/index.html]
[template-kit.rootlayers.com/campusa/wp-content/uploads/sites/31/elementor/css/post-38f22.css]
[template-kit.rootlayers.com/campusa/wp-content/plugins/elementor/assets/lib/eicons/css/elementor-icons.minb683.css]
[template-kit.rootlayers.com/campusa/wp-content/plugins/elementor/assets/lib/font-awesome/css/all.min3d36.css]
[template-kit.rootlayers.com/campusa/wp-content/plugins/elementor-pro/assets/css/frontend.min6765.css]
[template-kit.rootlayers.com/campusa/wp-content/plugins/elementor/assets/lib/font-awesome/css/v4-shims.min3d36.css]
[template-kit.rootlayers.com/campusa/wp-content/uploads/sites/31/elementor/css/post-60e3fe.css]
[template-kit.rootlayers.com/campusa/wp-content/uploads/sites/31/elementor/css/post-1993ffa.css]
[template-kit.rootlayers.com/campusa/wp-content/plugins/elementor/assets/lib/font-awesome/css/solid.min52d5.css]
[template-kit.rootlayers.com/campusa/wp-content/plugins/elementor/assets/lib/font-awesome/css/fontawesome.min52d5.css]
[template-kit.rootlayers.com/campusa/wp-content/plugins/elementor/assets/lib/font-awesome/css/regular.min52d5.css]
[template-kit.rootlayers.com/campusa/wp-content/plugins/elementor/assets/lib/font-awesome/css/brands.min52d5.css]
[template-kit.rootlayers.com/campusa/wp-includes/js/jquery/jquery-migrate.mind617.js]
[template-kit.rootlayers.com/campusa/wp-content/plugins/template-kit-export/public/assets/js/template-kit-export-public.min365c.js]
[template-kit.rootlayers.com/campusa/wp-content/plugins/elementor/assets/lib/font-awesome/js/v4-shims.min3d36.js]
[template-kit.rootlayers.com/campusa/wp-includes/js/jquery/jquery.minaf6c.js]
[template-kit.rootlayers.com/campusa/wp-content/uploads/sites/31/2021/09/logo-3.png]
[template-kit.rootlayers.com/campusa/wp-content/uploads/sites/31/2021/09/13-cover.jpg]
[template-kit.rootlayers.com/campusa/wp-content/uploads/sites/31/2021/09/04-faculty-detail.jpg]
[template-kit.rootlayers.com/campusa/wp-content/uploads/sites/31/2021/09/06-event.jpg]
[template-kit.rootlayers.com/campusa/template-kit/home/index.html]
[template-kit.rootlayers.com/campusa/wp-content/uploads/sites/31/2021/09/07-campus-life-detail.jpg]
[template-kit.rootlayers.com/campusa/wp-content/uploads/sites/31/2021/09/09-contact.jpg]
[template-kit.rootlayers.com/campusa/wp-content/uploads/sites/31/2021/09/06-campus-life.jpg]
[template-kit.rootlayers.com/campusa/template-kit/about-us/index.html]
[template-kit.rootlayers.com/campusa/wp-content/uploads/sites/31/2021/09/08-staff.jpg]
[template-kit.rootlayers.com/campusa/template-kit/faculty/index.html]
[template-kit.rootlayers.com/campusa/template-kit/faculty-detail/index.html]
[template-kit.rootlayers.com/campusa/wp-content/uploads/sites/31/2021/09/03-faculty-1.jpg]
[template-kit.rootlayers.com/campusa/template-kit/staff/index.html]
[template-kit.rootlayers.com/campusa/template-kit/campus-life/index.html]
[template-kit.rootlayers.com/campusa/wp-content/uploads/sites/31/2021/09/02-about-1.jpg]
[template-kit.rootlayers.com/campusa/template-kit/campus-life-detail/index.html]
[template-kit.rootlayers.com/campusa/template-kit/event/index.html]
[template-kit.rootlayers.com/campusa/wp-content/uploads/sites/31/2021/09/01-home-1.jpg]
[template-kit.rootlayers.com/campusa/wp-content/uploads/sites/31/2021/09/10-404.jpg]
[template-kit.rootlayers.com/campusa/template-kit/error-404/index.html]
[template-kit.rootlayers.com/campusa/wp-content/uploads/sites/31/2021/09/12-footer.jpg]
[template-kit.rootlayers.com/campusa/template-kit/contact-us/index.html]
[template-kit.rootlayers.com/campusa/wp-content/uploads/sites/31/2021/09/11-header.jpg]
[template-kit.rootlayers.com/campusa/wp-content/themes/hello-elementor/assets/js/hello-frontend.min8a54.js]
[template-kit.rootlayers.com/campusa/wp-content/plugins/elementor/assets/lib/animations/animations.min3d36.css]
[template-kit.rootlayers.com/campusa/wp-includes/js/wp-embed.minf658.js]
[template-kit.rootlayers.com/campusa/wp-content/plugins/elementor-pro/assets/lib/smartmenus/jquery.smartmenus.minf269.js]
[template-kit.rootlayers.com/campusa/wp-content/plugins/elementor-pro/assets/js/webpack-pro.runtime.min6765.js]
[template-kit.rootlayers.com/campusa/wp-content/plugins/elementor/assets/js/webpack.runtime.min3d36.js]
[template-kit.rootlayers.com/campusa/wp-content/plugins/elementor-pro/assets/js/frontend.min6765.js]
[template-kit.rootlayers.com/campusa/wp-content/plugins/elementor/assets/lib/waypoints/waypoints.min05da.js]
[template-kit.rootlayers.com/campusa/wp-content/plugins/elementor/assets/js/frontend-modules.min3d36.js]
[template-kit.rootlayers.com/campusa/wp-includes/js/jquery/ui/core.min35d0.js]
[template-kit.rootlayers.com/campusa/wp-content/plugins/elementor/assets/lib/share-link/share-link.min3d36.js]
[template-kit.rootlayers.com/campusa/wp-content/plugins/elementor/assets/lib/dialog/dialog.mina288.js]
[template-kit.rootlayers.com/campusa/wp-content/plugins/elementor/assets/js/frontend.min3d36.js]
[template-kit.rootlayers.com/campusa/wp-content/plugins/elementor/assets/lib/swiper/swiper.min48f5.js]
[template-kit.rootlayers.com/campusa/wp-content/plugins/elementor/assets/js/preloaded-modules.min3d36.js]
[template-kit.rootlayers.com/campusa/template-kit/index.html]
[template-kit.rootlayers.com/campusa/wp-includes/css/dist/block-library/style.minf658.css]
[template-kit.rootlayers.com/campusa/wp-content/plugins/template-kit-export/public/assets/css/template-kit-export-public.min365c.css]
[template-kit.rootlayers.com/campusa/wp-content/themes/hello-elementor/style.min8066.css]
[template-kit.rootlayers.com/campusa/wp-content/themes/hello-elementor/theme.min8066.css]
[template-kit.rootlayers.com/campusa/wp-content/plugins/elementor/assets/css/frontend.min3d36.css]
[template-kit.rootlayers.com/campusa/wp-content/uploads/sites/31/elementor/css/post-38f22.css]
[template-kit.rootlayers.com/campusa/wp-content/plugins/elementor-pro/assets/lib/sticky/jquery.sticky.min6765.js]
[template-kit.rootlayers.com/campusa/wp-content/plugins/elementor-pro/assets/js/preloaded-elements-handlers.min6765.js]
[template-kit.rootlayers.com/campusa/wp-content/plugins/elementor/assets/lib/eicons/css/elementor-icons.minb683.css]
[template-kit.rootlayers.com/campusa/wp-content/plugins/elementor-pro/assets/css/frontend.min6765.css]
[template-kit.rootlayers.com/campusa/wp-content/plugins/elementor/assets/lib/font-awesome/css/all.min3d36.css]
[template-kit.rootlayers.com/campusa/wp-content/plugins/elementor/assets/lib/font-awesome/css/v4-shims.min3d36.css]
[template-kit.rootlayers.com/campusa/wp-content/uploads/sites/31/elementor/css/post-60e3fe.css]
[template-kit.rootlayers.com/campusa/wp-content/uploads/sites/31/elementor/css/post-1993ffa.css]
[template-kit.rootlayers.com/campusa/wp-content/plugins/elementor/assets/lib/font-awesome/css/fontawesome.min52d5.css]
[template-kit.rootlayers.com/campusa/wp-content/plugins/elementor/assets/lib/font-awesome/css/solid.min52d5.css]
[template-kit.rootlayers.com/campusa/wp-content/plugins/elementor/assets/lib/font-awesome/css/regular.min52d5.css]
[template-kit.rootlayers.com/campusa/wp-content/plugins/elementor/assets/lib/font-awesome/css/brands.min52d5.css]
[template-kit.rootlayers.com/campusa/wp-content/uploads/sites/31/elementor/css/post-5deb7.css]
[template-kit.rootlayers.com/campusa/wp-content/uploads/sites/31/2021/08/portrait-of-smiling-male-college-student-in-busy-c-GL7GYHD.png]
[template-kit.rootlayers.com/campusa/wp-content/uploads/sites/31/2021/08/graduate.png]
[template-kit.rootlayers.com/campusa/wp-content/uploads/sites/31/2021/08/study.png]
[template-kit.rootlayers.com/campusa/wp-content/uploads/sites/31/2021/08/physics.png]
[template-kit.rootlayers.com/campusa/wp-content/uploads/sites/31/2021/08/book.png]
[template-kit.rootlayers.com/campusa/wp-content/uploads/sites/31/2021/08/Rectangle-5.jpg]
[template-kit.rootlayers.com/campusa/template-kit/home/_data_image/svg+xml,_svg xmlns=http_/www.w3.org/2000/svg preserveAspectRatio=none overflow=visible h/__/svg_]
[template-kit.rootlayers.com/campusa/wp-content/uploads/sites/31/2021/08/Rectangle-4.jpg]
[template-kit.rootlayers.com/campusa/wp-content/uploads/sites/31/2021/08/Rectangle-3.jpg]
[template-kit.rootlayers.com/campusa/wp-content/uploads/sites/31/2021/08/Mask-Group-1.jpg]
[template-kit.rootlayers.com/campusa/wp-content/uploads/sites/31/2021/08/Mask-Group-3.jpg]
[template-kit.rootlayers.com/campusa/wp-content/uploads/sites/31/2021/08/Mask-Group-2.jpg]
[template-kit.rootlayers.com/campusa/wp-content/uploads/sites/31/2021/08/Mask-Group.jpg]
[template-kit.rootlayers.com/campusa/wp-content/uploads/sites/31/2021/08/geography.png]
[template-kit.rootlayers.com/campusa/wp-content/uploads/sites/31/2021/08/certificate.png]
[template-kit.rootlayers.com/campusa/wp-content/uploads/sites/31/2021/08/class.png]
[template-kit.rootlayers.com/campusa/wp-content/uploads/sites/31/2021/08/globe.png]
[template-kit.rootlayers.com/campusa/wp-content/uploads/sites/31/2021/08/team3.jpg]
[template-kit.rootlayers.com/campusa/wp-content/uploads/sites/31/2021/08/team2.jpg]
[template-kit.rootlayers.com/campusa/wp-content/uploads/sites/31/2021/08/team1.jpg]
[template-kit.rootlayers.com/campusa/template-kit/home/index.html]
[template-kit.rootlayers.com/campusa/wp-includes/js/imagesloaded.mineda1.js]
[template-kit.rootlayers.com/campusa/wp-content/uploads/sites/31/elementor/css/post-2257eda.css]
[template-kit.rootlayers.com/campusa/template-kit/about-us/_data_image/svg+xml,_svg xmlns=http_/www.w3.org/2000/svg preserveAspectRatio=none overflow=visible h/__/svg_]
[template-kit.rootlayers.com/campusa/wp-content/uploads/sites/31/2021/08/sport.png]
[template-kit.rootlayers.com/campusa/wp-content/uploads/sites/31/2021/08/biology.png]
[template-kit.rootlayers.com/campusa/wp-content/uploads/sites/31/2021/09/logoipsum-logo-12.png]
[template-kit.rootlayers.com/campusa/wp-content/uploads/sites/31/2021/09/logoipsum-logo-26.png]
[template-kit.rootlayers.com/campusa/wp-content/uploads/sites/31/2021/09/logoipsum-logo-17.png]
[template-kit.rootlayers.com/campusa/wp-content/uploads/sites/31/2021/09/logoipsum-logo-33.png]
[template-kit.rootlayers.com/campusa/wp-content/uploads/sites/31/2021/09/logoipsum-logo-27.png]
[template-kit.rootlayers.com/campusa/template-kit/about-us/index.html]
[template-kit.rootlayers.com/campusa/wp-content/uploads/sites/31/elementor/css/post-2552900.css]
[template-kit.rootlayers.com/campusa/template-kit/faculty/_data_image/svg+xml,_svg xmlns=http_/www.w3.org/2000/svg preserveAspectRatio=none overflow=visible h/__/svg_]
[template-kit.rootlayers.com/campusa/template-kit/faculty/index.html]
[template-kit.rootlayers.com/campusa/wp-content/uploads/sites/31/elementor/css/post-269ce13.css]
[template-kit.rootlayers.com/campusa/template-kit/faculty-detail/_data_image/svg+xml,_svg xmlns=http_/www.w3.org/2000/svg preserveAspectRatio=none overflow=visible h/__/svg_]
[template-kit.rootlayers.com/campusa/template-kit/faculty-detail/index.html]
[template-kit.rootlayers.com/campusa/wp-content/uploads/sites/31/elementor/css/post-257a5f9.css]
[template-kit.rootlayers.com/campusa/template-kit/staff/_data_image/svg+xml,_svg xmlns=http_/www.w3.org/2000/svg preserveAspectRatio=none overflow=visible h/__/svg_]
[template-kit.rootlayers.com/campusa/wp-content/uploads/sites/31/2021/09/Mask-Group.jpg]
[template-kit.rootlayers.com/campusa/wp-content/uploads/sites/31/2021/09/Mask-Group-5.jpg]
[template-kit.rootlayers.com/campusa/wp-content/uploads/sites/31/2021/09/Mask-Group-4.jpg]
[template-kit.rootlayers.com/campusa/wp-content/uploads/sites/31/2021/09/Mask-Group-3.jpg]
[template-kit.rootlayers.com/campusa/wp-content/uploads/sites/31/2021/09/Mask-Group-1.jpg]
[template-kit.rootlayers.com/campusa/template-kit/staff/index.html]
[template-kit.rootlayers.com/campusa/wp-content/uploads/sites/31/elementor/css/post-261a45f.css]
[template-kit.rootlayers.com/campusa/template-kit/campus-life/_data_image/svg+xml,_svg xmlns=http_/www.w3.org/2000/svg preserveAspectRatio=none overflow=visible h/__/svg_]
[template-kit.rootlayers.com/campusa/wp-content/uploads/sites/31/2021/08/painting.png]
[template-kit.rootlayers.com/campusa/wp-content/uploads/sites/31/2021/08/specialization.png]
[template-kit.rootlayers.com/campusa/wp-content/uploads/sites/31/2021/08/bag.png]
[template-kit.rootlayers.com/campusa/wp-content/uploads/sites/31/2021/08/ink.png]
[template-kit.rootlayers.com/campusa/template-kit/campus-life/index.html]
[template-kit.rootlayers.com/campusa/wp-content/uploads/sites/31/elementor/css/post-265c6e2.css]
[template-kit.rootlayers.com/campusa/template-kit/campus-life-detail/_data_image/svg+xml,_svg xmlns=http_/www.w3.org/2000/svg preserveAspectRatio=none overflow=visible h/__/svg_]
[template-kit.rootlayers.com/campusa/template-kit/campus-life-detail/index.html]
[template-kit.rootlayers.com/campusa/wp-content/uploads/sites/31/elementor/css/post-2673d5a.css]
[template-kit.rootlayers.com/campusa/template-kit/event/_data_image/svg+xml,_svg xmlns=http_/www.w3.org/2000/svg preserveAspectRatio=none overflow=visible h/__/svg_]
[template-kit.rootlayers.com/campusa/template-kit/event/index.html]
[template-kit.rootlayers.com/campusa/template-kit/error-404/index.html]
[template-kit.rootlayers.com/campusa/wp-content/uploads/sites/31/elementor/css/post-26305c7.css]
[template-kit.rootlayers.com/campusa/template-kit/contact-us/_data_image/svg+xml,_svg xmlns=http_/www.w3.org/2000/svg preserveAspectRatio=none overflow=visible h/__/svg_]
[template-kit.rootlayers.com/campusa/wp-content/uploads/sites/31/2021/08/discuss.png]
[template-kit.rootlayers.com/campusa/template-kit/contact-us/index.html]
[template-kit.rootlayers.com/campusa/wp-content/plugins/elementor/assets/lib/animations/animations.min3d36.css]
[template-kit.rootlayers.com/campusa/wp-content/uploads/sites/31/2021/08/library-background-from-white-bookshelves-with-boo-TLNGA4V.jpg]
[template-kit.rootlayers.com/campusa/wp-content/uploads/sites/31/2021/08/library-designed-by-zaha-hadid-in-new-campus-of-th-S753HUL.jpg]
[template-kit.rootlayers.com/campusa/wp-content/uploads/sites/31/2021/08/students-talking-AANAYM7.jpg]
[template-kit.rootlayers.com/campusa/wp-content/uploads/sites/31/2021/08/university-students-studying-together-PGUHBPW.jpg]
[template-kit.rootlayers.com/campusa/wp-content/uploads/sites/31/elementor/css/post-5deb7.css]
[template-kit.rootlayers.com/campusa/template-kit/home/_data_image/svg+xml,_svg xmlns=http_/www.w3.org/2000/svg preserveAspectRatio=none overflow=visible h/__/svg_.html]
[template-kit.rootlayers.com/campusa/wp-content/uploads/sites/31/elementor/css/post-2257eda.css]
[template-kit.rootlayers.com/campusa/template-kit/about-us/_data_image/svg+xml,_svg xmlns=http_/www.w3.org/2000/svg preserveAspectRatio=none overflow=visible h/__/svg_.html]
[template-kit.rootlayers.com/campusa/wp-content/uploads/sites/31/2021/08/pretty-student-J6G7MX9.jpg]
[template-kit.rootlayers.com/campusa/wp-content/uploads/sites/31/2021/08/creative-students-A27YFWY.jpg]
[template-kit.rootlayers.com/campusa/wp-content/uploads/sites/31/elementor/css/post-2552900.css]
[template-kit.rootlayers.com/campusa/template-kit/faculty/_data_image/svg+xml,_svg xmlns=http_/www.w3.org/2000/svg preserveAspectRatio=none overflow=visible h/__/svg_.html]
[template-kit.rootlayers.com/campusa/wp-content/uploads/sites/31/elementor/css/post-269ce13.css]
[template-kit.rootlayers.com/campusa/template-kit/faculty-detail/_data_image/svg+xml,_svg xmlns=http_/www.w3.org/2000/svg preserveAspectRatio=none overflow=visible h/__/svg_.html]
[template-kit.rootlayers.com/campusa/wp-content/uploads/sites/31/2021/08/students-and-teacher-YGK34TW.jpg]
[template-kit.rootlayers.com/campusa/wp-content/uploads/sites/31/elementor/css/post-257a5f9.css]
[template-kit.rootlayers.com/campusa/template-kit/staff/_data_image/svg+xml,_svg xmlns=http_/www.w3.org/2000/svg preserveAspectRatio=none overflow=visible h/__/svg_.html]
[template-kit.rootlayers.com/campusa/wp-content/uploads/sites/31/2021/08/mobile-students-6LYRQ3W.jpg]
[template-kit.rootlayers.com/campusa/wp-content/uploads/sites/31/2021/09/Mask-Group-2.jpg]
[template-kit.rootlayers.com/campusa/wp-content/uploads/sites/31/elementor/css/post-261a45f.css]
[template-kit.rootlayers.com/campusa/template-kit/campus-life/_data_image/svg+xml,_svg xmlns=http_/www.w3.org/2000/svg preserveAspectRatio=none overflow=visible h/__/svg_.html]
[template-kit.rootlayers.com/campusa/wp-content/uploads/sites/31/elementor/css/post-265c6e2.css]
[template-kit.rootlayers.com/campusa/template-kit/campus-life-detail/_data_image/svg+xml,_svg xmlns=http_/www.w3.org/2000/svg preserveAspectRatio=none overflow=visible h/__/svg_.html]
[template-kit.rootlayers.com/campusa/wp-content/uploads/sites/31/elementor/css/post-2673d5a.css]
[template-kit.rootlayers.com/campusa/template-kit/event/_data_image/svg+xml,_svg xmlns=http_/www.w3.org/2000/svg preserveAspectRatio=none overflow=visible h/__/svg_.html]
[template-kit.rootlayers.com/campusa/wp-content/uploads/sites/31/elementor/css/post-26305c7.css]
[template-kit.rootlayers.com/campusa/template-kit/contact-us/_data_image/svg+xml,_svg xmlns=http_/www.w3.org/2000/svg preserveAspectRatio=none overflow=visible h/__/svg_.html]
